// Jest Snapshot v1, https://goo.gl/fbAQLP

exports[`app render renders without crashing - SNAPSHOT 1`] = `
<div
  className="App"
>
  <div
    className="page row no-gutters"
  >
    <div
      className="d-none d-lg-block col-auto"
    >
      <div
        className="sidebar d-none d-md-block"
      >
        <div
          className="Sidebar-top"
        >
          <div
            className="picture"
          >
            <img
              className="img-fluid rounded-circle"
              src="https://www.pngfind.com/pngs/m/110-1102775_download-empty-profile-hd-png-download.png"
            />
          </div>
          <div
            className="navigation"
          >
            <div
              onClick={[Function]}
              style={
                Object {
                  "color": "white",
                }
              }
            >
              Student
            </div>
            <div
              onClick={[Function]}
              style={
                Object {
                  "color": "white",
                }
              }
            >
              Teacher
            </div>
            <a
              className="sidebarButton btn btn-"
              disabled={false}
              exact={true}
              href="/dashboard"
              onClick={[Function]}
              shape="square"
              style={
                Object {
                  "borderRadius": "0",
                }
              }
            >
              <svg
                aria-hidden="true"
                className="svg-inline--fa fa-tachometer-alt fa-w-18 icon"
                data-icon="tachometer-alt"
                data-prefix="fas"
                focusable="false"
                role="img"
                style={Object {}}
                viewBox="0 0 576 512"
                xmlns="http://www.w3.org/2000/svg"
              >
                <path
                  d="M288 32C128.94 32 0 160.94 0 320c0 52.8 14.25 102.26 39.06 144.8 5.61 9.62 16.3 15.2 27.44 15.2h443c11.14 0 21.83-5.58 27.44-15.2C561.75 422.26 576 372.8 576 320c0-159.06-128.94-288-288-288zm0 64c14.71 0 26.58 10.13 30.32 23.65-1.11 2.26-2.64 4.23-3.45 6.67l-9.22 27.67c-5.13 3.49-10.97 6.01-17.64 6.01-17.67 0-32-14.33-32-32S270.33 96 288 96zM96 384c-17.67 0-32-14.33-32-32s14.33-32 32-32 32 14.33 32 32-14.33 32-32 32zm48-160c-17.67 0-32-14.33-32-32s14.33-32 32-32 32 14.33 32 32-14.33 32-32 32zm246.77-72.41l-61.33 184C343.13 347.33 352 364.54 352 384c0 11.72-3.38 22.55-8.88 32H232.88c-5.5-9.45-8.88-20.28-8.88-32 0-33.94 26.5-61.43 59.9-63.59l61.34-184.01c4.17-12.56 17.73-19.45 30.36-15.17 12.57 4.19 19.35 17.79 15.17 30.36zm14.66 57.2l15.52-46.55c3.47-1.29 7.13-2.23 11.05-2.23 17.67 0 32 14.33 32 32s-14.33 32-32 32c-11.38-.01-20.89-6.28-26.57-15.22zM480 384c-17.67 0-32-14.33-32-32s14.33-32 32-32 32 14.33 32 32-14.33 32-32 32z"
                  fill="currentColor"
                  style={Object {}}
                />
              </svg>
              Dashboard
            </a>
            <a
              className="sidebarButton btn btn-"
              disabled={false}
              exact={true}
              href="/stats"
              onClick={[Function]}
              shape="square"
              style={
                Object {
                  "borderRadius": "0",
                }
              }
            >
              <svg
                aria-hidden="true"
                className="svg-inline--fa fa-chart-bar fa-w-16 icon"
                data-icon="chart-bar"
                data-prefix="fas"
                focusable="false"
                role="img"
                style={Object {}}
                viewBox="0 0 512 512"
                xmlns="http://www.w3.org/2000/svg"
              >
                <path
                  d="M332.8 320h38.4c6.4 0 12.8-6.4 12.8-12.8V172.8c0-6.4-6.4-12.8-12.8-12.8h-38.4c-6.4 0-12.8 6.4-12.8 12.8v134.4c0 6.4 6.4 12.8 12.8 12.8zm96 0h38.4c6.4 0 12.8-6.4 12.8-12.8V76.8c0-6.4-6.4-12.8-12.8-12.8h-38.4c-6.4 0-12.8 6.4-12.8 12.8v230.4c0 6.4 6.4 12.8 12.8 12.8zm-288 0h38.4c6.4 0 12.8-6.4 12.8-12.8v-70.4c0-6.4-6.4-12.8-12.8-12.8h-38.4c-6.4 0-12.8 6.4-12.8 12.8v70.4c0 6.4 6.4 12.8 12.8 12.8zm96 0h38.4c6.4 0 12.8-6.4 12.8-12.8V108.8c0-6.4-6.4-12.8-12.8-12.8h-38.4c-6.4 0-12.8 6.4-12.8 12.8v198.4c0 6.4 6.4 12.8 12.8 12.8zM496 384H64V80c0-8.84-7.16-16-16-16H16C7.16 64 0 71.16 0 80v336c0 17.67 14.33 32 32 32h464c8.84 0 16-7.16 16-16v-32c0-8.84-7.16-16-16-16z"
                  fill="currentColor"
                  style={Object {}}
                />
              </svg>
              Stats
            </a>
          </div>
        </div>
      </div>
    </div>
    <div
      className="colBox col"
    >
      <div
        className="topbarContainer row no-gutters"
      >
        <nav
          className="topbar justify-content-between navbar navbar-expand-lg navbar-light"
        >
          <span
            className="location navbar-text"
          >
            <svg
              aria-hidden="true"
              className="svg-inline--fa fa-bars fa-w-14 icon"
              data-icon="bars"
              data-prefix="fas"
              focusable="false"
              onClick={[Function]}
              role="img"
              style={Object {}}
              viewBox="0 0 448 512"
              xmlns="http://www.w3.org/2000/svg"
            >
              <path
                d="M16 132h416c8.837 0 16-7.163 16-16V76c0-8.837-7.163-16-16-16H16C7.163 60 0 67.163 0 76v40c0 8.837 7.163 16 16 16zm0 160h416c8.837 0 16-7.163 16-16v-40c0-8.837-7.163-16-16-16H16c-8.837 0-16 7.163-16 16v40c0 8.837 7.163 16 16 16zm0 160h416c8.837 0 16-7.163 16-16v-40c0-8.837-7.163-16-16-16H16c-8.837 0-16 7.163-16 16v40c0 8.837 7.163 16 16 16z"
                fill="currentColor"
                style={Object {}}
              />
            </svg>
            <nav
              aria-label="breadcrumb"
              className="breadcrumb"
            >
              <ol
                className="breadcrumb"
              />
            </nav>
          </span>
          <button
            aria-controls="responsive-navbar-nav"
            aria-label="Toggle navigation"
            className="toggleButton navbar-toggler collapsed"
            onClick={[Function]}
            type="button"
          >
            <span
              className="navbar-toggler-icon"
            />
          </button>
          <div
            aria-expanded={null}
            className="navbar-collapse collapse"
            id="responsive-navbar-nav"
          >
            <div
              className="ml-auto navbar-nav"
              onKeyDown={[Function]}
            >
              <a
                aria-current={null}
                as={
                  Object {
                    "$$typeof": Symbol(react.forward_ref),
                    "displayName": "NavLink",
                    "propTypes": Object {
                      "activeClassName": [Function],
                      "activeStyle": [Function],
                      "aria-current": [Function],
                      "className": [Function],
                      "exact": [Function],
                      "innerRef": [Function],
                      "isActive": [Function],
                      "location": [Function],
                      "onClick": [Function],
                      "replace": [Function],
                      "strict": [Function],
                      "style": [Function],
                      "target": [Function],
                      "to": [Function],
                    },
                    "render": [Function],
                  }
                }
                className="topbarButton d-lg-none"
                href="/profil"
                onClick={[Function]}
              >
                Profil
              </a>
              <a
                aria-current={null}
                as={
                  Object {
                    "$$typeof": Symbol(react.forward_ref),
                    "displayName": "NavLink",
                    "propTypes": Object {
                      "activeClassName": [Function],
                      "activeStyle": [Function],
                      "aria-current": [Function],
                      "className": [Function],
                      "exact": [Function],
                      "innerRef": [Function],
                      "isActive": [Function],
                      "location": [Function],
                      "onClick": [Function],
                      "replace": [Function],
                      "strict": [Function],
                      "style": [Function],
                      "target": [Function],
                      "to": [Function],
                    },
                    "render": [Function],
                  }
                }
                className="topbarButton d-lg-none"
                href="/dashboard"
                onClick={[Function]}
              >
                Dashboard
              </a>
              <a
                aria-current={null}
                as={
                  Object {
                    "$$typeof": Symbol(react.forward_ref),
                    "displayName": "NavLink",
                    "propTypes": Object {
                      "activeClassName": [Function],
                      "activeStyle": [Function],
                      "aria-current": [Function],
                      "className": [Function],
                      "exact": [Function],
                      "innerRef": [Function],
                      "isActive": [Function],
                      "location": [Function],
                      "onClick": [Function],
                      "replace": [Function],
                      "strict": [Function],
                      "style": [Function],
                      "target": [Function],
                      "to": [Function],
                    },
                    "render": [Function],
                  }
                }
                className="topbarButton d-lg-none"
                href="/stats"
                onClick={[Function]}
              >
                Stats
              </a>
              <a
                aria-current={null}
                as={
                  Object {
                    "$$typeof": Symbol(react.forward_ref),
                    "displayName": "NavLink",
                    "propTypes": Object {
                      "activeClassName": [Function],
                      "activeStyle": [Function],
                      "aria-current": [Function],
                      "className": [Function],
                      "exact": [Function],
                      "innerRef": [Function],
                      "isActive": [Function],
                      "location": [Function],
                      "onClick": [Function],
                      "replace": [Function],
                      "strict": [Function],
                      "style": [Function],
                      "target": [Function],
                      "to": [Function],
                    },
                    "render": [Function],
                  }
                }
                className="topbarButton"
                href="/login"
                onClick={[Function]}
              >
                Déconnexion
              </a>
            </div>
          </div>
        </nav>
      </div>
      <div
        className="pageContentWrapper row no-gutters"
      >
        <div
          className="pageContent"
        />
      </div>
    </div>
  </div>
</div>
`;
