// Jest Snapshot v1, https://goo.gl/fbAQLP

exports[`Collapse component test Matches the snapshot 1`] = `
<div
  className="collapse"
>
  <div
    className="top"
  >
    <div
      className="topLeft"
    >
      <svg
        aria-controls="collapse-content6650"
        aria-expanded={false}
        aria-hidden="true"
        className="svg-inline--fa fa-chevron-down fa-w-14 icon"
        data-icon="chevron-down"
        data-prefix="fas"
        focusable="false"
        onClick={[Function]}
        role="img"
        style={Object {}}
        viewBox="0 0 448 512"
        xmlns="http://www.w3.org/2000/svg"
      >
        <path
          d="M207.029 381.476L12.686 187.132c-9.373-9.373-9.373-24.569 0-33.941l22.667-22.667c9.357-9.357 24.522-9.375 33.901-.04L224 284.505l154.745-154.021c9.379-9.335 24.544-9.317 33.901.04l22.667 22.667c9.373 9.373 9.373 24.569 0 33.941L240.971 381.476c-9.373 9.372-24.569 9.372-33.942 0z"
          fill="currentColor"
          style={Object {}}
        />
      </svg>
      <h4
        className="title"
      />
    </div>
  </div>
  <div
    aria-expanded={null}
    className="contentWrapper content collapse"
    id="collapse-content6650"
  />
</div>
`;
